// Jest Snapshot v1, https://goo.gl/fbAQLP

exports[`Error404 Component Error404 matches snapshot 1`] = `
<div>
  There is no content at 
   foo
</div>
`;
