// Jest Snapshot v1, https://goo.gl/fbAQLP

exports[`Home Component Home matches snapshot 1`] = `<div />`;
